
C:\Users\ny336\Desktop\Projects\Cyber Security\Psyco_Firewall\client\src\App.jsx
  2:10  error  'motion' is defined but never used. Allowed unused vars must match /^[A-Z_]/u  no-unused-vars

✖ 1 problem (1 error, 0 warnings)

